Welcome to Oracle Cloud Shell.


Your Cloud Shell machine comes with 5GB of storage for your home directory. Your Cloud Shell (machine and home directory) are located in: Germany Central (Frankfurt).
You are using Cloud Shell in tenancy kaushikkea as OCI local user kaushik.kea@gmail.com

Type `help` for more info.
kaushik_ke@cloudshell:~ (eu-frankfurt-1)$ ssh-keygen -t rsa -b 4096 -f ~/.ssh/bastion-key
Generating public/private rsa key pair.
Created directory '/home/kaushik_ke/.ssh'.
Enter passphrase (empty for no passphrase): 
Enter same passphrase again: 
Your identification has been saved in /home/kaushik_ke/.ssh/bastion-key.
Your public key has been saved in /home/kaushik_ke/.ssh/bastion-key.pub.
The key fingerprint is:
SHA256:wKmfIJ9EHPgKQVuVmld1t+RV5BC7C2fQTYoyylmtxLs kaushik_ke@535087d206bf
The key's randomart image is:
+---[RSA 4096]----+
|.. oo.. .. . oo+=|
|. +. + o ...+ooB |
| o .= =   * +o+ o|
|.  +.o o = = . . |
| ...=   S o . +  |
|  .+ + .   . + . |
|    o o   E   .  |
|                 |
|                 |
+----[SHA256]-----+
kaushik_ke@cloudshell:~ (eu-frankfurt-1)$ cd ~/.ssh
kaushik_ke@cloudshell:.ssh (eu-frankfurt-1)$ ls
bastion-key  bastion-key.pub
kaushik_ke@cloudshell:.ssh (eu-frankfurt-1)$ cat ~/.ssh/bastion-key.pub
ssh-rsa AAAAB3NzaC1yc2EAAAADAQABAAACAQDNXEfN9Rmva6THyH3pwiilccxPRkHU5OEZG9ddyH1KEMmS5Tpfu1DeWAE4Sc5mKlUr4o7l1MsNnezkvVgXNXpvyBRF4KmUN/LYxHRfdg/QF3/7T06lBCyT0KxQIOiMR8IvJqUp9jff1Jv1nmxk99PqnR/tXImffsCzGzWKar/h76M2PDH6vuY3RP0StDTdOMzsvvBMOlPfG+A0thmw0WewhTZW6FHiiLqHobj78o0vxSexv2EjCBq9n/XVNzUXpE9yanzffZ/yUTKDSHQqG0sFEjXaUc3lQESbkcT9rI8D1CGx9r/GeEgsk7q8ILbUNtrUjO1GzO3UfOJt+/Bid0xA3z4TDO2ouamPizTGb20/eJaExYL6bV/5fXWC/6XT7NDttKZZdZvympHnsippU+SjXXMNzTdV61qOofJNoEmeBMApUpav/VXq4VrG0H56YVyzx8HUf4Dn1i194ADWciUCrlwEqiz56WzMdqhdMo2ie0qdBnRVgMr3iVVqkUJUfSzgYUpkrS8PV1BL/smUr0Plly0DOa1RYOtSXWOXv2Vw6exRxc29Q23YkFW3r957Ocvmf6Ioh1jtk42GEy9bk0vj2wLYCdzDlC7AfP3rPQWCGJAtltmW3sAQyItwC8kSLZS2QBP8OQxyHo3isVFJw2lJKNYeAicBaFtpg03jP3FaJQ== kaushik_ke@535087d206bf
kaushik_ke@cloudshell:.ssh (eu-frankfurt-1)$ cat ~/.ssh/bastion-key
-----BEGIN OPENSSH PRIVATE KEY-----
b3BlbnNzaC1rZXktdjEAAAAACmFlczI1Ni1jdHIAAAAGYmNyeXB0AAAAGAAAABAuYOW02L
2PKRS7ie/p+WA7AAAAEAAAAAEAAAIXAAAAB3NzaC1yc2EAAAADAQABAAACAQDNXEfN9Rmv
a6THyH3pwiilccxPRkHU5OEZG9ddyH1KEMmS5Tpfu1DeWAE4Sc5mKlUr4o7l1MsNnezkvV
gXNXpvyBRF4KmUN/LYxHRfdg/QF3/7T06lBCyT0KxQIOiMR8IvJqUp9jff1Jv1nmxk99Pq
nR/tXImffsCzGzWKar/h76M2PDH6vuY3RP0StDTdOMzsvvBMOlPfG+A0thmw0WewhTZW6F
HiiLqHobj78o0vxSexv2EjCBq9n/XVNzUXpE9yanzffZ/yUTKDSHQqG0sFEjXaUc3lQESb
kcT9rI8D1CGx9r/GeEgsk7q8ILbUNtrUjO1GzO3UfOJt+/Bid0xA3z4TDO2ouamPizTGb2
0/eJaExYL6bV/5fXWC/6XT7NDttKZZdZvympHnsippU+SjXXMNzTdV61qOofJNoEmeBMAp
Upav/VXq4VrG0H56YVyzx8HUf4Dn1i194ADWciUCrlwEqiz56WzMdqhdMo2ie0qdBnRVgM
r3iVVqkUJUfSzgYUpkrS8PV1BL/smUr0Plly0DOa1RYOtSXWOXv2Vw6exRxc29Q23YkFW3
r957Ocvmf6Ioh1jtk42GEy9bk0vj2wLYCdzDlC7AfP3rPQWCGJAtltmW3sAQyItwC8kSLZ
S2QBP8OQxyHo3isVFJw2lJKNYeAicBaFtpg03jP3FaJQAAB1CKWUEgj9pHLchAJLMixxNM
t7W1/ZKm/Ez7DgqmZMOk2Np9ZvuL9ZjmSOCTlaUDBifDRa1l4p6Qllb/6i+kt6ItjqlHMn
dWfR7fV48soZdFNyonTCzlsoM+zGJjZbNr5Zx1iil6sOw2YIIbdQvBzbrgwlyhu/CESiVw
kD+vB8gRPh0Wg0HE8m8hnQmnWXBwKnETd8Gm93pwuFbiHKCZmxFZWIu3TjEfuPPTFSMyk+
oVPuorBhGmUYQR4c2TG+2Un7/Bzr6oEJwv1s1v1p028zw91BxYj87Mb2qCcTIhK/OiV6hk
2qaeLMn7W4DrwOrayjoWCmndv+B1iwzSkkenIpjtkh8rhAmnA/IqfBW8XFZgTlPGXEchzH
Tq//0Im0XQRvgV2S1M4OkbMjlhR/7yruGq4AYN4vSiEPZEiOHNkMDCPwbeHFm3XKdEp7sB
Ej5L63qKGmTNguqEhaBtM7hqvnM7DSral9e0cMcqN4RM3mglWYTN3saRyOPNR9PHLr1RSD
gS/xiqLz2FSFx5RJcuok3ssaPKTWr9JIoIi0dSDE169zar3nvkkTIhaM6j/hL91+7dhWZ8
kmbFiiJC9AGuhZ7fnrudOxIkN/gocUSLtPf7R4K+K2xZJ2IMZIfq1KLg2YVFh7Ztt9Lz4U
zU/eaRyXuUkM2T6iQg5rAbWXGnQTMkplINjzDk2NDFazjvwVi6dDl2rdt0cUjzoxLbUVfY
Yb3U6Whoion2YG1HO/Sfsg6ti4u4eXJfO5pxgV0hdUZYxGKWyjwK+JuZ+iSL26t+SeUNyr
jjHSAR9EpkE1RVJipFuLFBq2YVllydFWOP4Imh0EvnjB0y5JNUpeVNGIPDumscGiXyKl0s
49zJSsNzsVTPc9mpLaLdqpwGRcZwzzhPF/N8GmuX+DGgMuBL/SG20dQdgwT/n4B1j5SxdG
vdlbaio82xR3dtGeJLEAjiOdVXCOhn3SOHw9Ej0ntIBVu0V0jda4w9fhfXCiXsNbJfVD9Q
LDNSWX8wGM74wm7ISRrRMuL5294ZlXKH2LhHfX91aak1u5O8YgFZQkOsmxd3He/m3Cn2dX
4rhp2SIcu3cLtwin0ErCFuoUXIKOl9p2YWyicZJX9DR/Fhpos3nPet12G/t6AwLqgDXNkz
gLN1CWkGewz8uHG1sO9TXHpIUaQnuS/deiNnBMcimYQPcc6ne033wEr+DLt20IGa3R7Qm0
44+hIm9YgjDlax4clpjAE6ZdXTPIKSwxbap9fQNfHOb/Gy8No0YkA8UCDdfn1lNlXgV7Qd
TtiMvgovU/4Xljp0FBwPvJzlSJhQeJUrEXKwALIcfsUjJynMB6cVetYwJ1GoOm0TJroZmw
a/v+bP5p2Ts4yWTBWXNTcVvI4W9uuxl8quKUGfVAmUzmQ6NS9wrsO5NqtIkYJb99zy/S9l
WpE3bex/HQ0HA70Tbh9gllnTHTFFW0ofOXBOlSksC+AD1KoEAk2qVs4fveH4VSfZvnYjc6
zoQmV/LPb78W0TMF5ZOYu8KQHfxyaaMY0vsYGsdJuvACcXQU7LM6MkflpQ9+jjBsN5FV+J
Y0foAh9jxORm7Q3WJNSDxsze4bxmVRjei8rNDJGverXb9uEeQjHZI7NkVNRosrCZ5PDWAI
M7CNB4g2qEJOmLvElj2CaSPQPNNG6cQhT5oOjmn1y0FYJ9IIBVWm3qhq2zaa5o29G9RXm/
Bq00YWv2bnLNpvW9+F5lfT6VRVwqN17P355r6UovMN2MJR4D5EzzNn4xfBLCu2r+h9jo9M
FTzWT5sK7vd2UPAXFFvGEu8qW+ofO8JgXB6hFTak2G5JNhGsAaa46rMmpcIAx0oa89RgPo
GLLgufBsJZslqkFFhQP1YorD5QutN3LSzk0oPXWPn0v8IDGR4xFyOWgg0ppPytdKPOMpKe
Lat9gn1QyVznbLwD+5TuZ+eo6WdjW/pIAVXAgIo7Z8qfd6OiuCQZ6r8KyvPYe/Ngb3qAZW
wpax0HXsnXkYMIb0P2MT8wmuz7YejgDZ2U6mSKEZ5/Yjr/7sAwhPtf9hPiaki14FLuYG/o
f2Xw8wE4hoRWZcS034cgQMwQBqR2uwa8eV683VgZ3MYLpL7lNCaD9ooYnO4b/QygFRKo9v
aqGDA5HISxPfz/eAAvw9x14xwiZ3OEuR61139w/1cnNvEFfSzr/+U6eZISV/n7Gb2o4gwf
a176GosmEgNwYhQtvYQvIxNH5Oi/vosu/qrg6X8Fij8hy1P0XgK7dtWfTDqpw3vsp/tvb/
isp6a9NIIcuGi8bCz8RwIcL1UHhHt9s5w3EaAjvlxrEwaYU67+9BR+zPsDm2yDoNDnJ4/l
0/kwXtQPmciYlnTpXmvNtwJrTKULDqgLn49aTaja/N6Rp3lItxPY2s2JOjwGH2Vms17b6W
ZlULLnCwtw6cFpFcDZH8/OaSGMCzpasna0TmM9vAvnNWu/M6EFtD67VTuwgCNzCS32YwdT
BuV0lRUy75mrkkLXlIm+JvPws=
-----END OPENSSH PRIVATE KEY-----
kaushik_ke@cloudshell:.ssh (eu-frankfurt-1)$ ls
bastion-key  bastion-key.pub
kaushik_ke@cloudshell:.ssh (eu-frankfurt-1)$ oci bastion session create-managed-ssh --bastion-id ocid1.bastion.oc1.eu-frankfurt-1.amaaaaaa7mvzyeaansnnuhf6zknv6yag7nks4dqshqpxbltcagt3xw72ypdq --ssh-public-key-file bastion-key.pub --target-resource-id ocid1.instance.oc1.eu-frankfurt-1.antheljt7mvzyeacn7tkekdlpz5wf5naih6u5fymxuhq2qcm66rqijhavjyq --target-os-username opc
{
  "data": {
    "bastion-id": "ocid1.bastion.oc1.eu-frankfurt-1.amaaaaaa7mvzyeaansnnuhf6zknv6yag7nks4dqshqpxbltcagt3xw72ypdq",
    "bastion-name": "Bastion202510261",
    "bastion-public-host-key-info": null,
    "bastion-user-name": null,
    "display-name": "bastionsession2025-10-26-1174",
    "id": "ocid1.bastionsession.oc1.eu-frankfurt-1.amaaaaaa7mvzyeaawufbhtdfzojxb3ub66p7dij4cbgbqzm5cjkjjm3lmlbq",
    "key-details": {
      "public-key-content": "ssh-rsa AAAAB3NzaC1yc2EAAAADAQABAAACAQDNXEfN9Rmva6THyH3pwiilccxPRkHU5OEZG9ddyH1KEMmS5Tpfu1DeWAE4Sc5mKlUr4o7l1MsNnezkvVgXNXpvyBRF4KmUN/LYxHRfdg/QF3/7T06lBCyT0KxQIOiMR8IvJqUp9jff1Jv1nmxk99PqnR/tXImffsCzGzWKar/h76M2PDH6vuY3RP0StDTdOMzsvvBMOlPfG+A0thmw0WewhTZW6FHiiLqHobj78o0vxSexv2EjCBq9n/XVNzUXpE9yanzffZ/yUTKDSHQqG0sFEjXaUc3lQESbkcT9rI8D1CGx9r/GeEgsk7q8ILbUNtrUjO1GzO3UfOJt+/Bid0xA3z4TDO2ouamPizTGb20/eJaExYL6bV/5fXWC/6XT7NDttKZZdZvympHnsippU+SjXXMNzTdV61qOofJNoEmeBMApUpav/VXq4VrG0H56YVyzx8HUf4Dn1i194ADWciUCrlwEqiz56WzMdqhdMo2ie0qdBnRVgMr3iVVqkUJUfSzgYUpkrS8PV1BL/smUr0Plly0DOa1RYOtSXWOXv2Vw6exRxc29Q23YkFW3r957Ocvmf6Ioh1jtk42GEy9bk0vj2wLYCdzDlC7AfP3rPQWCGJAtltmW3sAQyItwC8kSLZS2QBP8OQxyHo3isVFJw2lJKNYeAicBaFtpg03jP3FaJQ== kaushik_ke@535087d206bf\n"
    },
    "key-type": "PUB",
    "lifecycle-details": null,
    "lifecycle-state": "CREATING",
    "session-ttl-in-seconds": 1800,
    "ssh-metadata": null,
    "target-resource-details": {
      "session-type": "MANAGED_SSH",
      "target-resource-display-name": "oke-czqrz3c34aa-nh63giznjgq-spsavbatzqq-2",
      "target-resource-id": "ocid1.instance.oc1.eu-frankfurt-1.antheljt7mvzyeacn7tkekdlpz5wf5naih6u5fymxuhq2qcm66rqijhavjyq",
      "target-resource-operating-system-user-name": "opc",
      "target-resource-port": 22,
      "target-resource-private-ip-address": "10.0.10.161"
    },
    "time-created": "2025-10-26T18:11:47.169000+00:00",
    "time-updated": "2025-10-26T18:11:47.169000+00:00"
  },
  "opc-work-request-id": "ocid1.bastionworkrequest.oc1.eu-frankfurt-1.amaaaaaa7mvzyeaawdyipdzj7xwbyhrtv4ztdg2cos24cjucw7hl5sdvmsjq"
}
kaushik_ke@cloudshell:.ssh (eu-frankfurt-1)$ oci bastion session get --session-id ocid1.bastionsession.oc1.eu-frankfurt-1.amaaaaaa7mvzyeaawufbhtdfzojxb3ub66p7dij4cbgbqzm5cjkjjm3lmlbq | jq '.data."ssh-metadata".command'
"ssh -i <privateKey> -o ProxyCommand=\"ssh -i <privateKey> -W %h:%p -p 22 ocid1.bastionsession.oc1.eu-frankfurt-1.amaaaaaa7mvzyeaawufbhtdfzojxb3ub66p7dij4cbgbqzm5cjkjjm3lmlbq@host.bastion.eu-frankfurt-1.oci.oraclecloud.com\" -p 22 opc@10.0.10.161"
kaushik_ke@cloudshell:.ssh (eu-frankfurt-1)$ ssh -i bastion-key -o ProxyCommand=\"ssh -i bastion-key -W %h:%p -p 22 ocid1.bastionsession.oc1.eu-frankfurt-1.amaaaaaa7mvzyeaawufbhtdfzojxb3ub66p7dij4cbgbqzm5cjkjjm3lmlbq@host.bastion.eu-frankfurt-1.oci.oraclecloud.com\" -p 22 opc@10.0.10.161
Bad stdio forwarding specification '%h:%p'
kaushik_ke@cloudshell:.ssh (eu-frankfurt-1)$ ssh -i bastion-key -o ProxyCommand="ssh -i bastion-key -W %h:%p -p 22 ocid1.bastionsession.oc1.eu-frankfurt-1.amaaaaaa7mvzyeaawufbhtdfzojxb3ub66p7dij4cbgbqzm5cjkjjm3lmlbq@host.bastion.eu-frankfurt-1.oci.oraclecloud.com" opc@10.0.10.161
The authenticity of host 'host.bastion.eu-frankfurt-1.oci.oraclecloud.com (138.1.40.158)' can't be established.
ECDSA key fingerprint is SHA256:j6zwgJbfKipilXYg/UePDP8wwj1ENb4CW5cd3HD76yI.
Are you sure you want to continue connecting (yes/no/[fingerprint])? yes
Warning: Permanently added 'host.bastion.eu-frankfurt-1.oci.oraclecloud.com,138.1.40.158' (ECDSA) to the list of known hosts.
Enter passphrase for key 'bastion-key': 
The authenticity of host '10.0.10.161 (<no hostip for proxy command>)' can't be established.
ECDSA key fingerprint is SHA256:tJJVTfbGhvMQe76ymayeBnklj16FyIm6cG79KjgZE2A.
Are you sure you want to continue connecting (yes/no/[fingerprint])? yes
Warning: Permanently added '10.0.10.161' (ECDSA) to the list of known hosts.
Enter passphrase for key 'bastion-key': 
Activate the web console with: systemctl enable --now cockpit.socket

[opc@oke-czqrz3c34aa-nh63giznjgq-spsavbatzqq-2 ~]$ 











==================================================  DAY -2 ==================================================

Welcome to Oracle Cloud Shell.


Your Cloud Shell machine comes with 5GB of storage for your home directory. Your Cloud Shell (machine and home directory) are located in: Germany Central (Frankfurt).
You are using Cloud Shell in tenancy kaushikkea as OCI local user kaushik.kea@gmail.com

Type `help` for more info.
kaushik_ke@cloudshell:~ (eu-frankfurt-1)$ ls
kaushik_ke@cloudshell:~ (eu-frankfurt-1)$ ssh-keygen -t rsa -b 4096 -f ~/.ssh/bastion-key
Generating public/private rsa key pair.
/home/kaushik_ke/.ssh/bastion-key already exists.
Overwrite (y/n)? n
kaushik_ke@cloudshell:~ (eu-frankfurt-1)$ ls
kaushik_ke@cloudshell:~ (eu-frankfurt-1)$ ssh-keygen -t rsa -b 4096 -f ~/.ssh/bastion-key
Generating public/private rsa key pair.
/home/kaushik_ke/.ssh/bastion-key already exists.
Overwrite (y/n)? n
kaushik_ke@cloudshell:~ (eu-frankfurt-1)$ cd /home/kaushik_ke/
kaushik_ke@cloudshell:~ (eu-frankfurt-1)$ ls
kaushik_ke@cloudshell:~ (eu-frankfurt-1)$ cd ~/.ssh
kaushik_ke@cloudshell:.ssh (eu-frankfurt-1)$ ls
bastion-key  bastion-key.pub  known_hosts
kaushik_ke@cloudshell:.ssh (eu-frankfurt-1)$ cat bastion-key
-----BEGIN OPENSSH PRIVATE KEY-----
b3BlbnNzaC1rZXktdjEAAAAACmFlczI1Ni1jdHIAAAAGYmNyeXB0AAAAGAAAABAuYOW02L
2PKRS7ie/p+WA7AAAAEAAAAAEAAAIXAAAAB3NzaC1yc2EAAAADAQABAAACAQDNXEfN9Rmv
a6THyH3pwiilccxPRkHU5OEZG9ddyH1KEMmS5Tpfu1DeWAE4Sc5mKlUr4o7l1MsNnezkvV
gXNXpvyBRF4KmUN/LYxHRfdg/QF3/7T06lBCyT0KxQIOiMR8IvJqUp9jff1Jv1nmxk99Pq
nR/tXImffsCzGzWKar/h76M2PDH6vuY3RP0StDTdOMzsvvBMOlPfG+A0thmw0WewhTZW6F
HiiLqHobj78o0vxSexv2EjCBq9n/XVNzUXpE9yanzffZ/yUTKDSHQqG0sFEjXaUc3lQESb
kcT9rI8D1CGx9r/GeEgsk7q8ILbUNtrUjO1GzO3UfOJt+/Bid0xA3z4TDO2ouamPizTGb2
0/eJaExYL6bV/5fXWC/6XT7NDttKZZdZvympHnsippU+SjXXMNzTdV61qOofJNoEmeBMAp
Upav/VXq4VrG0H56YVyzx8HUf4Dn1i194ADWciUCrlwEqiz56WzMdqhdMo2ie0qdBnRVgM
r3iVVqkUJUfSzgYUpkrS8PV1BL/smUr0Plly0DOa1RYOtSXWOXv2Vw6exRxc29Q23YkFW3
r957Ocvmf6Ioh1jtk42GEy9bk0vj2wLYCdzDlC7AfP3rPQWCGJAtltmW3sAQyItwC8kSLZ
S2QBP8OQxyHo3isVFJw2lJKNYeAicBaFtpg03jP3FaJQAAB1CKWUEgj9pHLchAJLMixxNM
t7W1/ZKm/Ez7DgqmZMOk2Np9ZvuL9ZjmSOCTlaUDBifDRa1l4p6Qllb/6i+kt6ItjqlHMn
dWfR7fV48soZdFNyonTCzlsoM+zGJjZbNr5Zx1iil6sOw2YIIbdQvBzbrgwlyhu/CESiVw
kD+vB8gRPh0Wg0HE8m8hnQmnWXBwKnETd8Gm93pwuFbiHKCZmxFZWIu3TjEfuPPTFSMyk+
oVPuorBhGmUYQR4c2TG+2Un7/Bzr6oEJwv1s1v1p028zw91BxYj87Mb2qCcTIhK/OiV6hk
2qaeLMn7W4DrwOrayjoWCmndv+B1iwzSkkenIpjtkh8rhAmnA/IqfBW8XFZgTlPGXEchzH
Tq//0Im0XQRvgV2S1M4OkbMjlhR/7yruGq4AYN4vSiEPZEiOHNkMDCPwbeHFm3XKdEp7sB
Ej5L63qKGmTNguqEhaBtM7hqvnM7DSral9e0cMcqN4RM3mglWYTN3saRyOPNR9PHLr1RSD
gS/xiqLz2FSFx5RJcuok3ssaPKTWr9JIoIi0dSDE169zar3nvkkTIhaM6j/hL91+7dhWZ8
kmbFiiJC9AGuhZ7fnrudOxIkN/gocUSLtPf7R4K+K2xZJ2IMZIfq1KLg2YVFh7Ztt9Lz4U
zU/eaRyXuUkM2T6iQg5rAbWXGnQTMkplINjzDk2NDFazjvwVi6dDl2rdt0cUjzoxLbUVfY
Yb3U6Whoion2YG1HO/Sfsg6ti4u4eXJfO5pxgV0hdUZYxGKWyjwK+JuZ+iSL26t+SeUNyr
jjHSAR9EpkE1RVJipFuLFBq2YVllydFWOP4Imh0EvnjB0y5JNUpeVNGIPDumscGiXyKl0s
49zJSsNzsVTPc9mpLaLdqpwGRcZwzzhPF/N8GmuX+DGgMuBL/SG20dQdgwT/n4B1j5SxdG
vdlbaio82xR3dtGeJLEAjiOdVXCOhn3SOHw9Ej0ntIBVu0V0jda4w9fhfXCiXsNbJfVD9Q
LDNSWX8wGM74wm7ISRrRMuL5294ZlXKH2LhHfX91aak1u5O8YgFZQkOsmxd3He/m3Cn2dX
4rhp2SIcu3cLtwin0ErCFuoUXIKOl9p2YWyicZJX9DR/Fhpos3nPet12G/t6AwLqgDXNkz
gLN1CWkGewz8uHG1sO9TXHpIUaQnuS/deiNnBMcimYQPcc6ne033wEr+DLt20IGa3R7Qm0
44+hIm9YgjDlax4clpjAE6ZdXTPIKSwxbap9fQNfHOb/Gy8No0YkA8UCDdfn1lNlXgV7Qd
TtiMvgovU/4Xljp0FBwPvJzlSJhQeJUrEXKwALIcfsUjJynMB6cVetYwJ1GoOm0TJroZmw
a/v+bP5p2Ts4yWTBWXNTcVvI4W9uuxl8quKUGfVAmUzmQ6NS9wrsO5NqtIkYJb99zy/S9l
WpE3bex/HQ0HA70Tbh9gllnTHTFFW0ofOXBOlSksC+AD1KoEAk2qVs4fveH4VSfZvnYjc6
zoQmV/LPb78W0TMF5ZOYu8KQHfxyaaMY0vsYGsdJuvACcXQU7LM6MkflpQ9+jjBsN5FV+J
Y0foAh9jxORm7Q3WJNSDxsze4bxmVRjei8rNDJGverXb9uEeQjHZI7NkVNRosrCZ5PDWAI
M7CNB4g2qEJOmLvElj2CaSPQPNNG6cQhT5oOjmn1y0FYJ9IIBVWm3qhq2zaa5o29G9RXm/
Bq00YWv2bnLNpvW9+F5lfT6VRVwqN17P355r6UovMN2MJR4D5EzzNn4xfBLCu2r+h9jo9M
FTzWT5sK7vd2UPAXFFvGEu8qW+ofO8JgXB6hFTak2G5JNhGsAaa46rMmpcIAx0oa89RgPo
GLLgufBsJZslqkFFhQP1YorD5QutN3LSzk0oPXWPn0v8IDGR4xFyOWgg0ppPytdKPOMpKe
Lat9gn1QyVznbLwD+5TuZ+eo6WdjW/pIAVXAgIo7Z8qfd6OiuCQZ6r8KyvPYe/Ngb3qAZW
wpax0HXsnXkYMIb0P2MT8wmuz7YejgDZ2U6mSKEZ5/Yjr/7sAwhPtf9hPiaki14FLuYG/o
f2Xw8wE4hoRWZcS034cgQMwQBqR2uwa8eV683VgZ3MYLpL7lNCaD9ooYnO4b/QygFRKo9v
aqGDA5HISxPfz/eAAvw9x14xwiZ3OEuR61139w/1cnNvEFfSzr/+U6eZISV/n7Gb2o4gwf
a176GosmEgNwYhQtvYQvIxNH5Oi/vosu/qrg6X8Fij8hy1P0XgK7dtWfTDqpw3vsp/tvb/
isp6a9NIIcuGi8bCz8RwIcL1UHhHt9s5w3EaAjvlxrEwaYU67+9BR+zPsDm2yDoNDnJ4/l
0/kwXtQPmciYlnTpXmvNtwJrTKULDqgLn49aTaja/N6Rp3lItxPY2s2JOjwGH2Vms17b6W
ZlULLnCwtw6cFpFcDZH8/OaSGMCzpasna0TmM9vAvnNWu/M6EFtD67VTuwgCNzCS32YwdT
BuV0lRUy75mrkkLXlIm+JvPws=
-----END OPENSSH PRIVATE KEY-----
kaushik_ke@cloudshell:.ssh (eu-frankfurt-1)$ oci bastion session create-managed-ssh --bastion-id ocid1.bastion.oc1.eu-frankfurt-1.amaaaaaa7mvzyeaansnnuhf6zknv6yag7nks4dqshqpxbltcagt3xw72ypdq --ssh-public-key-file bastion-key.pub --target-resource-id ocid1.instance.oc1.eu-frankfurt-1.antheljt7mvzyeacn7tkekdlpz5wf5naih6u5fymxuhq2qcm66rqijhavjyq --target-os-username opc --session-ttl 1800
{
  "data": {
    "bastion-id": "ocid1.bastion.oc1.eu-frankfurt-1.amaaaaaa7mvzyeaansnnuhf6zknv6yag7nks4dqshqpxbltcagt3xw72ypdq",
    "bastion-name": "Bastion202510261",
    "bastion-public-host-key-info": null,
    "bastion-user-name": null,
    "display-name": "bastionsession2025-10-27-1215",
    "id": "ocid1.bastionsession.oc1.eu-frankfurt-1.amaaaaaa7mvzyeaasfztohfdsegb4ke3ckdru7htufd6zcpg7ejjf73dkxvq",
    "key-details": {
      "public-key-content": "ssh-rsa AAAAB3NzaC1yc2EAAAADAQABAAACAQDNXEfN9Rmva6THyH3pwiilccxPRkHU5OEZG9ddyH1KEMmS5Tpfu1DeWAE4Sc5mKlUr4o7l1MsNnezkvVgXNXpvyBRF4KmUN/LYxHRfdg/QF3/7T06lBCyT0KxQIOiMR8IvJqUp9jff1Jv1nmxk99PqnR/tXImffsCzGzWKar/h76M2PDH6vuY3RP0StDTdOMzsvvBMOlPfG+A0thmw0WewhTZW6FHiiLqHobj78o0vxSexv2EjCBq9n/XVNzUXpE9yanzffZ/yUTKDSHQqG0sFEjXaUc3lQESbkcT9rI8D1CGx9r/GeEgsk7q8ILbUNtrUjO1GzO3UfOJt+/Bid0xA3z4TDO2ouamPizTGb20/eJaExYL6bV/5fXWC/6XT7NDttKZZdZvympHnsippU+SjXXMNzTdV61qOofJNoEmeBMApUpav/VXq4VrG0H56YVyzx8HUf4Dn1i194ADWciUCrlwEqiz56WzMdqhdMo2ie0qdBnRVgMr3iVVqkUJUfSzgYUpkrS8PV1BL/smUr0Plly0DOa1RYOtSXWOXv2Vw6exRxc29Q23YkFW3r957Ocvmf6Ioh1jtk42GEy9bk0vj2wLYCdzDlC7AfP3rPQWCGJAtltmW3sAQyItwC8kSLZS2QBP8OQxyHo3isVFJw2lJKNYeAicBaFtpg03jP3FaJQ== kaushik_ke@535087d206bf\n"
    },
    "key-type": "PUB",
    "lifecycle-details": null,
    "lifecycle-state": "CREATING",
    "session-ttl-in-seconds": 1800,
    "ssh-metadata": null,
    "target-resource-details": {
      "session-type": "MANAGED_SSH",
      "target-resource-display-name": "oke-czqrz3c34aa-nh63giznjgq-spsavbatzqq-2",
      "target-resource-id": "ocid1.instance.oc1.eu-frankfurt-1.antheljt7mvzyeacn7tkekdlpz5wf5naih6u5fymxuhq2qcm66rqijhavjyq",
      "target-resource-operating-system-user-name": "opc",
      "target-resource-port": 22,
      "target-resource-private-ip-address": "10.0.10.161"
    },
    "time-created": "2025-10-27T10:14:56.792000+00:00",
    "time-updated": "2025-10-27T10:14:56.792000+00:00"
  },
  "opc-work-request-id": "ocid1.bastionworkrequest.oc1.eu-frankfurt-1.amaaaaaa7mvzyeaalnzzxmql3jm2iccfuiszwchd6ps3pus6h7vug3svz3pq"
}
kaushik_ke@cloudshell:.ssh (eu-frankfurt-1)$ oci bastion session get --session-id ocid1.bastionsession.oc1.eu-frankfurt-1.amaaaaaa7mvzyeaasfztohfdsegb4ke3ckdru7htufd6zcpg7ejjf73dkxvq
{
  "data": {
    "bastion-id": "ocid1.bastion.oc1.eu-frankfurt-1.amaaaaaa7mvzyeaansnnuhf6zknv6yag7nks4dqshqpxbltcagt3xw72ypdq",
    "bastion-name": "Bastion202510261",
    "bastion-public-host-key-info": null,
    "bastion-user-name": "opc",
    "display-name": "bastionsession2025-10-27-1215",
    "id": "ocid1.bastionsession.oc1.eu-frankfurt-1.amaaaaaa7mvzyeaasfztohfdsegb4ke3ckdru7htufd6zcpg7ejjf73dkxvq",
    "key-details": {
      "public-key-content": "ssh-rsa AAAAB3NzaC1yc2EAAAADAQABAAACAQDNXEfN9Rmva6THyH3pwiilccxPRkHU5OEZG9ddyH1KEMmS5Tpfu1DeWAE4Sc5mKlUr4o7l1MsNnezkvVgXNXpvyBRF4KmUN/LYxHRfdg/QF3/7T06lBCyT0KxQIOiMR8IvJqUp9jff1Jv1nmxk99PqnR/tXImffsCzGzWKar/h76M2PDH6vuY3RP0StDTdOMzsvvBMOlPfG+A0thmw0WewhTZW6FHiiLqHobj78o0vxSexv2EjCBq9n/XVNzUXpE9yanzffZ/yUTKDSHQqG0sFEjXaUc3lQESbkcT9rI8D1CGx9r/GeEgsk7q8ILbUNtrUjO1GzO3UfOJt+/Bid0xA3z4TDO2ouamPizTGb20/eJaExYL6bV/5fXWC/6XT7NDttKZZdZvympHnsippU+SjXXMNzTdV61qOofJNoEmeBMApUpav/VXq4VrG0H56YVyzx8HUf4Dn1i194ADWciUCrlwEqiz56WzMdqhdMo2ie0qdBnRVgMr3iVVqkUJUfSzgYUpkrS8PV1BL/smUr0Plly0DOa1RYOtSXWOXv2Vw6exRxc29Q23YkFW3r957Ocvmf6Ioh1jtk42GEy9bk0vj2wLYCdzDlC7AfP3rPQWCGJAtltmW3sAQyItwC8kSLZS2QBP8OQxyHo3isVFJw2lJKNYeAicBaFtpg03jP3FaJQ== kaushik_ke@535087d206bf\n"
    },
    "key-type": "PUB",
    "lifecycle-details": null,
    "lifecycle-state": "CREATING",
    "session-ttl-in-seconds": 1800,
    "ssh-metadata": null,
    "target-resource-details": {
      "session-type": "MANAGED_SSH",
      "target-resource-display-name": "oke-czqrz3c34aa-nh63giznjgq-spsavbatzqq-2",
      "target-resource-id": "ocid1.instance.oc1.eu-frankfurt-1.antheljt7mvzyeacn7tkekdlpz5wf5naih6u5fymxuhq2qcm66rqijhavjyq",
      "target-resource-operating-system-user-name": "opc",
      "target-resource-port": 22,
      "target-resource-private-ip-address": "10.0.10.161"
    },
    "time-created": "2025-10-27T10:14:56.792000+00:00",
    "time-updated": "2025-10-27T10:15:01.607000+00:00"
  },
  "etag": "f79abc27e2a9afd49b08e875c2246147aa2cc5119dbb7eeda9605672b5127c0b--gzip"
}
kaushik_ke@cloudshell:.ssh (eu-frankfurt-1)$ oci bastion session get --session-id ocid1.bastionsession.oc1.eu-frankfurt-1.amaaaaaa7mvzyeaasfztohfdsegb4ke3ckdru7htufd6zcpg7ejjf73dkxvq
{
  "data": {
    "bastion-id": "ocid1.bastion.oc1.eu-frankfurt-1.amaaaaaa7mvzyeaansnnuhf6zknv6yag7nks4dqshqpxbltcagt3xw72ypdq",
    "bastion-name": "Bastion202510261",
    "bastion-public-host-key-info": null,
    "bastion-user-name": "opc",
    "display-name": "bastionsession2025-10-27-1215",
    "id": "ocid1.bastionsession.oc1.eu-frankfurt-1.amaaaaaa7mvzyeaasfztohfdsegb4ke3ckdru7htufd6zcpg7ejjf73dkxvq",
    "key-details": {
      "public-key-content": "ssh-rsa AAAAB3NzaC1yc2EAAAADAQABAAACAQDNXEfN9Rmva6THyH3pwiilccxPRkHU5OEZG9ddyH1KEMmS5Tpfu1DeWAE4Sc5mKlUr4o7l1MsNnezkvVgXNXpvyBRF4KmUN/LYxHRfdg/QF3/7T06lBCyT0KxQIOiMR8IvJqUp9jff1Jv1nmxk99PqnR/tXImffsCzGzWKar/h76M2PDH6vuY3RP0StDTdOMzsvvBMOlPfG+A0thmw0WewhTZW6FHiiLqHobj78o0vxSexv2EjCBq9n/XVNzUXpE9yanzffZ/yUTKDSHQqG0sFEjXaUc3lQESbkcT9rI8D1CGx9r/GeEgsk7q8ILbUNtrUjO1GzO3UfOJt+/Bid0xA3z4TDO2ouamPizTGb20/eJaExYL6bV/5fXWC/6XT7NDttKZZdZvympHnsippU+SjXXMNzTdV61qOofJNoEmeBMApUpav/VXq4VrG0H56YVyzx8HUf4Dn1i194ADWciUCrlwEqiz56WzMdqhdMo2ie0qdBnRVgMr3iVVqkUJUfSzgYUpkrS8PV1BL/smUr0Plly0DOa1RYOtSXWOXv2Vw6exRxc29Q23YkFW3r957Ocvmf6Ioh1jtk42GEy9bk0vj2wLYCdzDlC7AfP3rPQWCGJAtltmW3sAQyItwC8kSLZS2QBP8OQxyHo3isVFJw2lJKNYeAicBaFtpg03jP3FaJQ== kaushik_ke@535087d206bf\n"
    },
    "key-type": "PUB",
    "lifecycle-details": null,
    "lifecycle-state": "CREATING",
    "session-ttl-in-seconds": 1800,
    "ssh-metadata": null,
    "target-resource-details": {
      "session-type": "MANAGED_SSH",
      "target-resource-display-name": "oke-czqrz3c34aa-nh63giznjgq-spsavbatzqq-2",
      "target-resource-id": "ocid1.instance.oc1.eu-frankfurt-1.antheljt7mvzyeacn7tkekdlpz5wf5naih6u5fymxuhq2qcm66rqijhavjyq",
      "target-resource-operating-system-user-name": "opc",
      "target-resource-port": 22,
      "target-resource-private-ip-address": "10.0.10.161"
    },
    "time-created": "2025-10-27T10:14:56.792000+00:00",
    "time-updated": "2025-10-27T10:15:01.607000+00:00"
  },
  "etag": "f79abc27e2a9afd49b08e875c2246147aa2cc5119dbb7eeda9605672b5127c0b--gzip"
}
kaushik_ke@cloudshell:.ssh (eu-frankfurt-1)$ oci bastion session get --session-id ocid1.bastionsession.oc1.eu-frankfurt-1.amaaaaaa7mvzyeaasfztohfdsegb4ke3ckdru7htufd6zcpg7ejjf73dkxvq | jq '.data."ssh-metadata".command'
"ssh -i <privateKey> -o ProxyCommand=\"ssh -i <privateKey> -W %h:%p -p 22 ocid1.bastionsession.oc1.eu-frankfurt-1.amaaaaaa7mvzyeaasfztohfdsegb4ke3ckdru7htufd6zcpg7ejjf73dkxvq@host.bastion.eu-frankfurt-1.oci.oraclecloud.com\" -p 22 opc@10.0.10.161"
kaushik_ke@cloudshell:.ssh (eu-frankfurt-1)$ ssh -i bastion-key -o ProxyCommand="ssh -i bastion-key -W %h:%p -p 22 ocid1.bastionsession.oc1.eu-frankfurt-1.amaaaaaa7mvzyeaasfztohfdsegb4ke3ckdru7htufd6zcpg7ejjf73dkxvq@host.bastion.eu-frankfurt-1.oci.oraclecloud.com" opc@10.0.10.161
Enter passphrase for key 'bastion-key': 
Enter passphrase for key 'bastion-key': 
Activate the web console with: systemctl enable --now cockpit.socket

Last login: Sun Oct 26 20:11:15 2025 from 10.0.0.7
[opc@oke-czqrz3c34aa-nh63giznjgq-spsavbatzqq-2 ~]$ ls
app-5
[opc@oke-czqrz3c34aa-nh63giznjgq-spsavbatzqq-2 ~]$ cd app-5/
[opc@oke-czqrz3c34aa-nh63giznjgq-spsavbatzqq-2 app-5]$ ls
angular-app-5  docker-compose.yaml  dotnet-app-5  k8s
[opc@oke-czqrz3c34aa-nh63giznjgq-spsavbatzqq-2 app-5]$ cd k8s/
[opc@oke-czqrz3c34aa-nh63giznjgq-spsavbatzqq-2 k8s]$ ls
api-deployment.yaml  api-ingress.yaml  api-service.yaml  argocd-app.yaml  argocd-ingress.yaml  namespace.yaml  web-deployment.yaml  web-ingress.yaml  web-service.yaml
[opc@oke-czqrz3c34aa-nh63giznjgq-spsavbatzqq-2 k8s]$ Connection to host.bastion.eu-frankfurt-1.oci.oraclecloud.com closed by remote host.
Connection to 10.0.10.161 closed by remote host.
Connection to 10.0.10.161 closed.
kaushik_ke@cloudshell:.ssh (eu-frankfurt-1)$ ls
bastion-key  bastion-key.pub  known_hosts
kaushik_ke@cloudshell:.ssh (eu-frankfurt-1)$ oci bastion session create-managed-ssh --bastion-id ocid1.bastion.oc1.eu-frankfurt-1.amaaaaaa7mvzyeaansnnuhf6zknv6yag7nks4dqshqpxbltcagt3xw72ypdq --ssh-public-key-file bastion-key.pub --target-resource-id ocid1.instance.oc1.eu-frankfurt-1.antheljt7mvzyeacn7tkekdlpz5wf5naih6u5fymxuhq2qcm66rqijhavjyq --target-os-username opc --session-ttl 1800
{
  "data": {
    "bastion-id": "ocid1.bastion.oc1.eu-frankfurt-1.amaaaaaa7mvzyeaansnnuhf6zknv6yag7nks4dqshqpxbltcagt3xw72ypdq",
    "bastion-name": "Bastion202510261",
    "bastion-public-host-key-info": null,
    "bastion-user-name": null,
    "display-name": "bastionsession2025-10-27-1394",
    "id": "ocid1.bastionsession.oc1.eu-frankfurt-1.amaaaaaa7mvzyeaa2f5rtastk2x6e7gftk3c55fb7hvl523oa7ejvgpffska",
    "key-details": {
      "public-key-content": "ssh-rsa AAAAB3NzaC1yc2EAAAADAQABAAACAQDNXEfN9Rmva6THyH3pwiilccxPRkHU5OEZG9ddyH1KEMmS5Tpfu1DeWAE4Sc5mKlUr4o7l1MsNnezkvVgXNXpvyBRF4KmUN/LYxHRfdg/QF3/7T06lBCyT0KxQIOiMR8IvJqUp9jff1Jv1nmxk99PqnR/tXImffsCzGzWKar/h76M2PDH6vuY3RP0StDTdOMzsvvBMOlPfG+A0thmw0WewhTZW6FHiiLqHobj78o0vxSexv2EjCBq9n/XVNzUXpE9yanzffZ/yUTKDSHQqG0sFEjXaUc3lQESbkcT9rI8D1CGx9r/GeEgsk7q8ILbUNtrUjO1GzO3UfOJt+/Bid0xA3z4TDO2ouamPizTGb20/eJaExYL6bV/5fXWC/6XT7NDttKZZdZvympHnsippU+SjXXMNzTdV61qOofJNoEmeBMApUpav/VXq4VrG0H56YVyzx8HUf4Dn1i194ADWciUCrlwEqiz56WzMdqhdMo2ie0qdBnRVgMr3iVVqkUJUfSzgYUpkrS8PV1BL/smUr0Plly0DOa1RYOtSXWOXv2Vw6exRxc29Q23YkFW3r957Ocvmf6Ioh1jtk42GEy9bk0vj2wLYCdzDlC7AfP3rPQWCGJAtltmW3sAQyItwC8kSLZS2QBP8OQxyHo3isVFJw2lJKNYeAicBaFtpg03jP3FaJQ== kaushik_ke@535087d206bf\n"
    },
    "key-type": "PUB",
    "lifecycle-details": null,
    "lifecycle-state": "CREATING",
    "session-ttl-in-seconds": 1800,
    "ssh-metadata": null,
    "target-resource-details": {
      "session-type": "MANAGED_SSH",
      "target-resource-display-name": "oke-czqrz3c34aa-nh63giznjgq-spsavbatzqq-2",
      "target-resource-id": "ocid1.instance.oc1.eu-frankfurt-1.antheljt7mvzyeacn7tkekdlpz5wf5naih6u5fymxuhq2qcm66rqijhavjyq",
      "target-resource-operating-system-user-name": "opc",
      "target-resource-port": 22,
      "target-resource-private-ip-address": "10.0.10.161"
    },
    "time-created": "2025-10-27T11:07:02.792000+00:00",
    "time-updated": "2025-10-27T11:07:02.792000+00:00"
  },
  "opc-work-request-id": "ocid1.bastionworkrequest.oc1.eu-frankfurt-1.amaaaaaa7mvzyeaa66byvcs5vhqpgyiuopx2gpw5m73tz3s4of4ypn4ed55a"
}
kaushik_ke@cloudshell:.ssh (eu-frankfurt-1)$ oci bastion session get --session-id ocid1.bastionsession.oc1.eu-frankfurt-1.amaaaaaa7mvzyeaa2f5rtastk2x6e7gftk3c55fb7hvl523oa7ejvgpffska | jq '.data."ssh-metadata".command'
null
kaushik_ke@cloudshell:.ssh (eu-frankfurt-1)$ oci bastion session get --session-id ocid1.bastionsession.oc1.eu-frankfurt-1.amaaaaaa7mvzyeaa2f5rtastk2x6e7gftk3c55fb7hvl523oa7ejvgpffska
{
  "data": {
    "bastion-id": "ocid1.bastion.oc1.eu-frankfurt-1.amaaaaaa7mvzyeaansnnuhf6zknv6yag7nks4dqshqpxbltcagt3xw72ypdq",
    "bastion-name": "Bastion202510261",
    "bastion-public-host-key-info": null,
    "bastion-user-name": "opc",
    "display-name": "bastionsession2025-10-27-1394",
    "id": "ocid1.bastionsession.oc1.eu-frankfurt-1.amaaaaaa7mvzyeaa2f5rtastk2x6e7gftk3c55fb7hvl523oa7ejvgpffska",
    "key-details": {
      "public-key-content": "ssh-rsa AAAAB3NzaC1yc2EAAAADAQABAAACAQDNXEfN9Rmva6THyH3pwiilccxPRkHU5OEZG9ddyH1KEMmS5Tpfu1DeWAE4Sc5mKlUr4o7l1MsNnezkvVgXNXpvyBRF4KmUN/LYxHRfdg/QF3/7T06lBCyT0KxQIOiMR8IvJqUp9jff1Jv1nmxk99PqnR/tXImffsCzGzWKar/h76M2PDH6vuY3RP0StDTdOMzsvvBMOlPfG+A0thmw0WewhTZW6FHiiLqHobj78o0vxSexv2EjCBq9n/XVNzUXpE9yanzffZ/yUTKDSHQqG0sFEjXaUc3lQESbkcT9rI8D1CGx9r/GeEgsk7q8ILbUNtrUjO1GzO3UfOJt+/Bid0xA3z4TDO2ouamPizTGb20/eJaExYL6bV/5fXWC/6XT7NDttKZZdZvympHnsippU+SjXXMNzTdV61qOofJNoEmeBMApUpav/VXq4VrG0H56YVyzx8HUf4Dn1i194ADWciUCrlwEqiz56WzMdqhdMo2ie0qdBnRVgMr3iVVqkUJUfSzgYUpkrS8PV1BL/smUr0Plly0DOa1RYOtSXWOXv2Vw6exRxc29Q23YkFW3r957Ocvmf6Ioh1jtk42GEy9bk0vj2wLYCdzDlC7AfP3rPQWCGJAtltmW3sAQyItwC8kSLZS2QBP8OQxyHo3isVFJw2lJKNYeAicBaFtpg03jP3FaJQ== kaushik_ke@535087d206bf\n"
    },
    "key-type": "PUB",
    "lifecycle-details": null,
    "lifecycle-state": "CREATING",
    "session-ttl-in-seconds": 1800,
    "ssh-metadata": null,
    "target-resource-details": {
      "session-type": "MANAGED_SSH",
      "target-resource-display-name": "oke-czqrz3c34aa-nh63giznjgq-spsavbatzqq-2",
      "target-resource-id": "ocid1.instance.oc1.eu-frankfurt-1.antheljt7mvzyeacn7tkekdlpz5wf5naih6u5fymxuhq2qcm66rqijhavjyq",
      "target-resource-operating-system-user-name": "opc",
      "target-resource-port": 22,
      "target-resource-private-ip-address": "10.0.10.161"
    },
    "time-created": "2025-10-27T11:07:02.792000+00:00",
    "time-updated": "2025-10-27T11:07:12.786000+00:00"
  },
  "etag": "eea058b988b4d7e3d6486ac962c5aae9264dea5b5e2a8fc880129873daafccfe--gzip"
}
kaushik_ke@cloudshell:.ssh (eu-frankfurt-1)$ oci bastion session get --session-id ocid1.bastionsession.oc1.eu-frankfurt-1.amaaaaaa7mvzyeaa2f5rtastk2x6e7gftk3c55fb7hvl523oa7ejvgpffska | jq '.data."ssh-metadata".command'
null
kaushik_ke@cloudshell:.ssh (eu-frankfurt-1)$ oci bastion session get --session-id ocid1.bastionsession.oc1.eu-frankfurt-1.amaaaaaa7mvzyeaa2f5rtastk2x6e7gftk3c55fb7hvl523oa7ejvgpffska
{
  "data": {
    "bastion-id": "ocid1.bastion.oc1.eu-frankfurt-1.amaaaaaa7mvzyeaansnnuhf6zknv6yag7nks4dqshqpxbltcagt3xw72ypdq",
    "bastion-name": "Bastion202510261",
    "bastion-public-host-key-info": null,
    "bastion-user-name": "opc",
    "display-name": "bastionsession2025-10-27-1394",
    "id": "ocid1.bastionsession.oc1.eu-frankfurt-1.amaaaaaa7mvzyeaa2f5rtastk2x6e7gftk3c55fb7hvl523oa7ejvgpffska",
    "key-details": {
      "public-key-content": "ssh-rsa AAAAB3NzaC1yc2EAAAADAQABAAACAQDNXEfN9Rmva6THyH3pwiilccxPRkHU5OEZG9ddyH1KEMmS5Tpfu1DeWAE4Sc5mKlUr4o7l1MsNnezkvVgXNXpvyBRF4KmUN/LYxHRfdg/QF3/7T06lBCyT0KxQIOiMR8IvJqUp9jff1Jv1nmxk99PqnR/tXImffsCzGzWKar/h76M2PDH6vuY3RP0StDTdOMzsvvBMOlPfG+A0thmw0WewhTZW6FHiiLqHobj78o0vxSexv2EjCBq9n/XVNzUXpE9yanzffZ/yUTKDSHQqG0sFEjXaUc3lQESbkcT9rI8D1CGx9r/GeEgsk7q8ILbUNtrUjO1GzO3UfOJt+/Bid0xA3z4TDO2ouamPizTGb20/eJaExYL6bV/5fXWC/6XT7NDttKZZdZvympHnsippU+SjXXMNzTdV61qOofJNoEmeBMApUpav/VXq4VrG0H56YVyzx8HUf4Dn1i194ADWciUCrlwEqiz56WzMdqhdMo2ie0qdBnRVgMr3iVVqkUJUfSzgYUpkrS8PV1BL/smUr0Plly0DOa1RYOtSXWOXv2Vw6exRxc29Q23YkFW3r957Ocvmf6Ioh1jtk42GEy9bk0vj2wLYCdzDlC7AfP3rPQWCGJAtltmW3sAQyItwC8kSLZS2QBP8OQxyHo3isVFJw2lJKNYeAicBaFtpg03jP3FaJQ== kaushik_ke@535087d206bf\n"
    },
    "key-type": "PUB",
    "lifecycle-details": null,
    "lifecycle-state": "ACTIVE",
    "session-ttl-in-seconds": 1800,
    "ssh-metadata": {
      "command": "ssh -i <privateKey> -o ProxyCommand=\"ssh -i <privateKey> -W %h:%p -p 22 ocid1.bastionsession.oc1.eu-frankfurt-1.amaaaaaa7mvzyeaa2f5rtastk2x6e7gftk3c55fb7hvl523oa7ejvgpffska@host.bastion.eu-frankfurt-1.oci.oraclecloud.com\" -p 22 opc@10.0.10.161"
    },
    "target-resource-details": {
      "session-type": "MANAGED_SSH",
      "target-resource-display-name": "oke-czqrz3c34aa-nh63giznjgq-spsavbatzqq-2",
      "target-resource-id": "ocid1.instance.oc1.eu-frankfurt-1.antheljt7mvzyeacn7tkekdlpz5wf5naih6u5fymxuhq2qcm66rqijhavjyq",
      "target-resource-operating-system-user-name": "opc",
      "target-resource-port": 22,
      "target-resource-private-ip-address": "10.0.10.161"
    },
    "time-created": "2025-10-27T11:07:02.792000+00:00",
    "time-updated": "2025-10-27T11:08:15.841000+00:00"
  },
  "etag": "f132c7ec81f7fcd13254d6e495ead26cba5cd2310ea9daeccbeab1a2bd5e789f--gzip"
}
kaushik_ke@cloudshell:.ssh (eu-frankfurt-1)$ oci bastion session get --session-id ocid1.bastionsession.oc1.eu-frankfurt-1.amaaaaaa7mvzyeaa2f5rtastk2x6e7gftk3c55fb7hvl523oa7ejvgpffska | jq '.data."ssh-metadata".command'
"ssh -i <privateKey> -o ProxyCommand=\"ssh -i <privateKey> -W %h:%p -p 22 ocid1.bastionsession.oc1.eu-frankfurt-1.amaaaaaa7mvzyeaa2f5rtastk2x6e7gftk3c55fb7hvl523oa7ejvgpffska@host.bastion.eu-frankfurt-1.oci.oraclecloud.com\" -p 22 opc@10.0.10.161"
kaushik_ke@cloudshell:.ssh (eu-frankfurt-1)$ ssh -i bastion-key -o ProxyCommand="ssh -i bastion-key -W %h:%p -p 22 ocid1.bastionsession.oc1.eu-frankfurt-1.amaaaaaa7mvzyeaa2f5rtastk2x6e7gftk3c55fb7hvl523oa7ejvgpffska@host.bastion.eu-frankfurt-1.oci.oraclecloud.com" opc@10.0.10.161
Enter passphrase for key 'bastion-key': 
Enter passphrase for key 'bastion-key': 
Activate the web console with: systemctl enable --now cockpit.socket

Last login: Mon Oct 27 10:18:31 2025 from 10.0.0.7
[opc@oke-czqrz3c34aa-nh63giznjgq-spsavbatzqq-2 ~]$ ls
app-5
[opc@oke-czqrz3c34aa-nh63giznjgq-spsavbatzqq-2 ~]$ kubectl config current-context
-bash: kubectl: command not found
[opc@oke-czqrz3c34aa-nh63giznjgq-spsavbatzqq-2 ~]$ sudo dnf install -y oraclelinux-developer-release-el8
Last metadata expiration check: 2:40:33 ago on Mon 27 Oct 2025 08:30:39 AM GMT.
Package oraclelinux-developer-release-el8-1.0-7.el8.x86_64 is already installed.
Dependencies resolved.
Nothing to do.
Complete!
[opc@oke-czqrz3c34aa-nh63giznjgq-spsavbatzqq-2 ~]$ sudo dnf config-manager --enable ol8_developer
[opc@oke-czqrz3c34aa-nh63giznjgq-spsavbatzqq-2 ~]$ sudo dnf install -y kubectl
Oracle Linux 8 Development Packages (x86_64)                                                                                                                                                                                                                                              52 MB/s | 242 MB     00:04    
Last metadata expiration check: 0:01:02 ago on Mon 27 Oct 2025 11:11:39 AM GMT.
No match for argument: kubectl
Error: Unable to find a match: kubectl
[opc@oke-czqrz3c34aa-nh63giznjgq-spsavbatzqq-2 ~]$ curl -LO "https://dl.k8s.io/release/$(curl -L -s https://dl.k8s.io/release/stable.txt)/bin/linux/amd64/kubectl"
  % Total    % Received % Xferd  Average Speed   Time    Time     Time  Current
                                 Dload  Upload   Total   Spent    Left  Speed
100   138  100   138    0     0   1086      0 --:--:-- --:--:-- --:--:--  1086
100 57.7M  100 57.7M    0     0   162M      0 --:--:-- --:--:-- --:--:--  162M
[opc@oke-czqrz3c34aa-nh63giznjgq-spsavbatzqq-2 ~]$ sudo install -o root -g root -m 0755 kubectl /usr/local/bin/kubectl
[opc@oke-czqrz3c34aa-nh63giznjgq-spsavbatzqq-2 ~]$ kubectl version --client
Client Version: v1.34.1
Kustomize Version: v5.7.1
[opc@oke-czqrz3c34aa-nh63giznjgq-spsavbatzqq-2 ~]$ kubectl config current-context
error: current-context is not set
[opc@oke-czqrz3c34aa-nh63giznjgq-spsavbatzqq-2 ~]$ oci ce cluster create-kubeconfig --cluster-id ocid1.cluster.oc1.eu-frankfurt-1.aaaaaaaaic5qwpzphzurkcfa5nxjcnoedtvzzkdntubornydoczqrz3c34aa --file $HOME/.kube/config --region eu-frankfurt-1 --token-version 2.0.0  --kube-endpoint PRIVATE_ENDPOINT
-bash: oci: command not found
[opc@oke-czqrz3c34aa-nh63giznjgq-spsavbatzqq-2 ~]$ bash -c "$(curl -L https://raw.githubusercontent.com/oracle/oci-cli/master/scripts/install/install.sh)"
  % Total    % Received % Xferd  Average Speed   Time    Time     Time  Current
                                 Dload  Upload   Total   Spent    Left  Speed
100 17155  100 17155    0     0   141k      0 --:--:-- --:--:-- --:--:--  141k

    ******************************************************************************
    You have started the OCI CLI Installer in interactive mode. If you do not wish
    to run this in interactive mode, please include the --accept-all-defaults option.
    If you have the script locally and would like to know more about
    input options for this script, then you can run:
    ./install.sh -h
    If you would like to know more about input options for this script, refer to:
    https://github.com/oracle/oci-cli/blob/master/scripts/install/README.rst
    ******************************************************************************
Downloading Oracle Cloud Infrastructure CLI install script from https://raw.githubusercontent.com/oracle/oci-cli/v3.68.1/scripts/install/install.py to /tmp/oci_cli_install_tmp_ZQmV.
######################################################################################################################################################################################################################################################### 100.0%
Running install script.
python3 /tmp/oci_cli_install_tmp_ZQmV 
-- Verifying Python version.
-- Python version 3.6.8 okay.

===> In what directory would you like to place the install? (leave blank to use '/home/opc/lib/oracle-cli'): 
-- Creating directory '/home/opc/lib/oracle-cli'.
-- We will install at '/home/opc/lib/oracle-cli'.

===> In what directory would you like to place the 'oci' executable? (leave blank to use '/home/opc/bin'): 
-- Creating directory '/home/opc/bin'.
-- The executable will be in '/home/opc/bin'.

===> In what directory would you like to place the OCI scripts? (leave blank to use '/home/opc/bin/oci-cli-scripts'): 
-- Creating directory '/home/opc/bin/oci-cli-scripts'.
-- The scripts will be in '/home/opc/bin/oci-cli-scripts'.

===> Currently supported optional packages are: ['db (will install cx_Oracle)']
What optional CLI packages would you like to be installed (comma separated names; press enter if you don't need any optional packages)?: 
-- The optional packages installed will be ''.
-- Trying to use python3 venv.
-- Executing: ['/usr/bin/python3', '-m', 'venv', '/home/opc/lib/oracle-cli']
-- Executing: ['/home/opc/lib/oracle-cli/bin/pip', 'install', '--upgrade', 'pip']
Collecting pip
  Downloading https://files.pythonhosted.org/packages/a4/6d/6463d49a933f547439d6b5b98b46af8742cc03ae83543e4d7688c2420f8b/pip-21.3.1-py3-none-any.whl (1.7MB)
    100% |████████████████████████████████| 1.7MB 939kB/s 
Installing collected packages: pip
  Found existing installation: pip 9.0.3
    Uninstalling pip-9.0.3:
      Successfully uninstalled pip-9.0.3
Successfully installed pip-21.3.1
You are using pip version 21.3.1, however version 25.3 is available.
You should consider upgrading via the 'pip install --upgrade pip' command.
-- Executing: ['/home/opc/lib/oracle-cli/bin/pip', 'install', '--cache-dir', '/tmp/tmpma7rjti8', 'wheel', '--upgrade']
Collecting wheel
  Downloading wheel-0.37.1-py2.py3-none-any.whl (35 kB)
Installing collected packages: wheel
Successfully installed wheel-0.37.1
-- Executing: ['/home/opc/lib/oracle-cli/bin/pip', 'install', '--cache-dir', '/tmp/tmpma7rjti8', 'oci_cli', '--upgrade']
Collecting oci_cli
  Downloading oci_cli-3.68.1-py3-none-any.whl (24.7 MB)
     |████████████████████████████████| 24.7 MB 39.8 MB/s            
Collecting terminaltables==3.1.10
  Downloading terminaltables-3.1.10-py2.py3-none-any.whl (15 kB)
Collecting pyOpenSSL<25.0.0,>=17.5.0
  Downloading pyOpenSSL-23.2.0-py3-none-any.whl (59 kB)
     |████████████████████████████████| 59 kB 12.1 MB/s            
Collecting cryptography<46.0.0,>=3.2.1
  Downloading cryptography-40.0.2-cp36-abi3-manylinux_2_28_x86_64.whl (3.7 MB)
     |████████████████████████████████| 3.7 MB 87.3 MB/s            
Collecting python-dateutil<3.0.0,>=2.5.3
  Downloading python_dateutil-2.9.0.post0-py2.py3-none-any.whl (229 kB)
     |████████████████████████████████| 229 kB 112.9 MB/s            
Collecting PyYAML<=6.0.2,>=5.4
  Downloading PyYAML-6.0.1-cp36-cp36m-manylinux_2_17_x86_64.manylinux2014_x86_64.whl (677 kB)
     |████████████████████████████████| 677 kB 101.3 MB/s            
Collecting certifi>=2025.1.31
  Downloading certifi-2025.4.26-py3-none-any.whl (159 kB)
     |████████████████████████████████| 159 kB 115.3 MB/s            
Collecting jmespath==0.10.0
  Downloading jmespath-0.10.0-py2.py3-none-any.whl (24 kB)
Collecting pytz>=2016.10
  Downloading pytz-2025.2-py2.py3-none-any.whl (509 kB)
     |████████████████████████████████| 509 kB 103.9 MB/s            
Collecting click==8.0.4
  Downloading click-8.0.4-py3-none-any.whl (97 kB)
     |████████████████████████████████| 97 kB 16.2 MB/s             
Collecting prompt-toolkit==3.0.29
  Downloading prompt_toolkit-3.0.29-py3-none-any.whl (381 kB)
     |████████████████████████████████| 381 kB 107.9 MB/s            
Collecting oci==2.161.1
  Downloading oci-2.161.1-py3-none-any.whl (32.4 MB)
     |████████████████████████████████| 32.4 MB 116.4 MB/s            
Collecting arrow>=1.0.0
  Downloading arrow-1.2.3-py3-none-any.whl (66 kB)
     |████████████████████████████████| 66 kB 9.0 MB/s             
Collecting six>=1.15.0
  Downloading six-1.17.0-py2.py3-none-any.whl (11 kB)
Collecting importlib-metadata
  Downloading importlib_metadata-4.8.3-py3-none-any.whl (17 kB)
Collecting circuitbreaker<2.0.0,>=1.3.1
  Downloading circuitbreaker-1.4.0.tar.gz (9.7 kB)
  Preparing metadata (setup.py) ... done
Collecting wcwidth
  Downloading wcwidth-0.2.14-py2.py3-none-any.whl (37 kB)
Collecting typing-extensions
  Downloading typing_extensions-4.1.1-py3-none-any.whl (26 kB)
Collecting cffi>=1.12
  Downloading cffi-1.15.1-cp36-cp36m-manylinux_2_5_x86_64.manylinux1_x86_64.whl (402 kB)
     |████████████████████████████████| 402 kB 96.3 MB/s            
Collecting pycparser
  Downloading pycparser-2.21-py2.py3-none-any.whl (118 kB)
     |████████████████████████████████| 118 kB 114.9 MB/s            
Collecting zipp>=0.5
  Downloading zipp-3.6.0-py3-none-any.whl (5.3 kB)
Building wheels for collected packages: circuitbreaker
  Building wheel for circuitbreaker (setup.py) ... done
  Created wheel for circuitbreaker: filename=circuitbreaker-1.4.0-py3-none-any.whl size=7506 sha256=9e367d0ca2018274197d5d8695b7b091f84c7311f5646898c72562584a8733e8
  Stored in directory: /tmp/tmpma7rjti8/wheels/46/17/98/db2eb826e4a98da672cffe66ec16838182cde0cf19ad2c0c70
Successfully built circuitbreaker
Installing collected packages: pycparser, cffi, zipp, typing-extensions, six, cryptography, wcwidth, pytz, python-dateutil, pyOpenSSL, importlib-metadata, circuitbreaker, certifi, terminaltables, PyYAML, prompt-toolkit, oci, jmespath, click, arrow, oci-cli
Successfully installed PyYAML-6.0.1 arrow-1.2.3 certifi-2025.4.26 cffi-1.15.1 circuitbreaker-1.4.0 click-8.0.4 cryptography-40.0.2 importlib-metadata-4.8.3 jmespath-0.10.0 oci-2.161.1 oci-cli-3.68.1 prompt-toolkit-3.0.29 pyOpenSSL-23.2.0 pycparser-2.21 python-dateutil-2.9.0.post0 pytz-2025.2 six-1.17.0 terminaltables-3.1.10 typing-extensions-4.1.1 wcwidth-0.2.14 zipp-3.6.0

===> Modify profile to update your $PATH and enable shell/tab completion now? (Y/n): n
-- If you change your mind, add 'source /home/opc/lib/oracle-cli/lib/python3.6/site-packages/oci_cli/bin/oci_autocomplete.sh' to your rc file and restart your shell to enable tab completion.
-- You can run the CLI with '/home/opc/bin/oci'.
-- Installation successful.

Announcement
============
1. Interactive mode now available in CLI
Have you tried the new interactive features in OCI CLI yet? You can get started by typing `oci -i`.
Learn more by watching our informative video on YouTube -> https://www.youtube.com/watch?v=lX29Xw1Te54&ab_channel=OracleLearning
Also see https://docs.oracle.com/iaas/Content/API/SDKDocs/cliusing_topic-Using_Interactive_Mode.htm
============

-- Run the CLI with /home/opc/bin/oci --help
[opc@oke-czqrz3c34aa-nh63giznjgq-spsavbatzqq-2 ~]$ source /home/opc/lib/oracle-cli/lib/python3.6/site-packages/oci_cli/bin/oci_autocomplete.sh
[opc@oke-czqrz3c34aa-nh63giznjgq-spsavbatzqq-2 ~]$ source ~/.bashrc
[opc@oke-czqrz3c34aa-nh63giznjgq-spsavbatzqq-2 ~]$ source /home/opc/.bashrc
[opc@oke-czqrz3c34aa-nh63giznjgq-spsavbatzqq-2 ~]$ oci -v
/home/opc/lib/oracle-cli/lib64/python3.6/site-packages/oci/_vendor/httpsig_cffi/sign.py:10: CryptographyDeprecationWarning: Python 3.6 is no longer supported by the Python core team. Therefore, support for it is deprecated in cryptography. The next release of cryptography will remove support for Python 3.6.
  from cryptography.hazmat.backends import default_backend  # noqa: F401
3.68.1
[opc@oke-czqrz3c34aa-nh63giznjgq-spsavbatzqq-2 ~]$ oci ce cluster create-kubeconfig --cluster-id ocid1.cluster.oc1.eu-frankfurt-1.aaaaaaaaic5qwpzphzurkcfa5nxjcnoedtvzzkdntubornydoczqrz3c34aa --file $HOME/.kube/config --region eu-frankfurt-1 --token-version 2.0.0  --kube-endpoint PRIVATE_ENDPOINT
/home/opc/lib/oracle-cli/lib64/python3.6/site-packages/oci/_vendor/httpsig_cffi/sign.py:10: CryptographyDeprecationWarning: Python 3.6 is no longer supported by the Python core team. Therefore, support for it is deprecated in cryptography. The next release of cryptography will remove support for Python 3.6.
  from cryptography.hazmat.backends import default_backend  # noqa: F401
ERROR: Could not find config file at /home/opc/.oci/config
Do you want to create a new config file? [Y/n]: Y
Do you want to create your config file by logging in through a browser? [Y/n]: Y
ERROR: Could not locate a runnable browser
Switching to browserless config file setup process
    This command provides a walkthrough of creating a valid CLI config file.

    The following links explain where to find the information required by this
    script:

    User API Signing Key, OCID and Tenancy OCID:

        https://docs.cloud.oracle.com/Content/API/Concepts/apisigningkey.htm#Other

    Region:

        https://docs.cloud.oracle.com/Content/General/Concepts/regions.htm

    General config documentation:

        https://docs.cloud.oracle.com/Content/API/Concepts/sdkconfig.htm


Enter a location for your config [/home/opc/.oci/config]: /home/opc/.oci/config
Enter a user OCID: ocid1.user.oc1..aaaaaaaadxztahi3jyei3zqqrhcvjveylkf5mjzyyfzincbwk4umnkr6xllq
Enter a tenancy OCID: ocid1.tenancy.oc1..aaaaaaaaj6vuwyidazhbrzifsl625tkqii3potkkl3ymtidklrr6yowzdb3q
Enter a region by index or name(e.g.
1: af-johannesburg-1, 2: ap-batam-1, 3: ap-chiyoda-1, 4: ap-chuncheon-1, 5: ap-chuncheon-2,
6: ap-dcc-canberra-1, 7: ap-dcc-gazipur-1, 8: ap-delhi-1, 9: ap-hyderabad-1, 10: ap-ibaraki-1,
11: ap-melbourne-1, 12: ap-mumbai-1, 13: ap-osaka-1, 14: ap-seoul-1, 15: ap-seoul-2,
16: ap-singapore-1, 17: ap-singapore-2, 18: ap-suwon-1, 19: ap-sydney-1, 20: ap-tokyo-1,
21: ca-montreal-1, 22: ca-toronto-1, 23: eu-amsterdam-1, 24: eu-budapest-1, 25: eu-crissier-1,
26: eu-dcc-dublin-1, 27: eu-dcc-dublin-2, 28: eu-dcc-milan-1, 29: eu-dcc-milan-2, 30: eu-dcc-rating-1,
31: eu-dcc-rating-2, 32: eu-dcc-zurich-1, 33: eu-frankfurt-1, 34: eu-frankfurt-2, 35: eu-jovanovac-1,
36: eu-madrid-1, 37: eu-madrid-2, 38: eu-madrid-3, 39: eu-marseille-1, 40: eu-milan-1,
41: eu-paris-1, 42: eu-stockholm-1, 43: eu-zurich-1, 44: il-jerusalem-1, 45: me-abudhabi-1,
46: me-abudhabi-2, 47: me-abudhabi-3, 48: me-abudhabi-4, 49: me-alain-1, 50: me-dcc-doha-1,
51: me-dcc-muscat-1, 52: me-dubai-1, 53: me-ibri-1, 54: me-jeddah-1, 55: me-riyadh-1,
56: mx-monterrey-1, 57: mx-queretaro-1, 58: sa-bogota-1, 59: sa-santiago-1, 60: sa-saopaulo-1,
61: sa-valparaiso-1, 62: sa-vinhedo-1, 63: uk-cardiff-1, 64: uk-gov-cardiff-1, 65: uk-gov-london-1,
66: uk-london-1, 67: us-ashburn-1, 68: us-ashburn-2, 69: us-chicago-1, 70: us-gov-ashburn-1,
71: us-gov-chicago-1, 72: us-gov-phoenix-1, 73: us-langley-1, 74: us-luke-1, 75: us-newark-1,
76: us-phoenix-1, 77: us-saltlake-2, 78: us-sanjose-1, 79: us-somerset-1, 80: us-thames-1): eu-frankfurt-1
Do you want to generate a new API Signing RSA key pair? (If you decline you will be asked to supply the path to an existing key.) [Y/n]: Y
Enter a directory for your keys to be created [/home/opc/.oci]: /home/opc/.oci
Enter a name for your key [oci_api_key]: oci_api_key
Public key written to: /home/opc/.oci/oci_api_key_public.pem
Enter a passphrase for your private key ("N/A" for no passphrase): 
Repeat for confirmation: 
Private key written to: /home/opc/.oci/oci_api_key.pem
Fingerprint: e2:95:36:7e:08:9c:05:b8:98:f4:a3:28:56:ed:23:f9
Do you want to write your passphrase to the config file? (If not, you will need to enter it when prompted each time you run an oci command) [y/N]: y
Config written to /home/opc/.oci/config


    If you haven't already uploaded your API Signing public key through the
    console, follow the instructions on the page linked below in the section
    'How to upload the public key':

        https://docs.cloud.oracle.com/Content/API/Concepts/apisigningkey.htm#How2


Successfully created config file with your new CLI user profile
Once your public key is uploaded in the console, you can re-run your command to use your new config file and user profile
[opc@oke-czqrz3c34aa-nh63giznjgq-spsavbatzqq-2 ~]$ cat ~/.oci/oci_api_key_public.pem
-----BEGIN PUBLIC KEY-----
MIIBIjANBgkqhkiG9w0BAQEFAAOCAQ8AMIIBCgKCAQEAoTl1S5CLoJM4bO7baCYm
dBHZYiKiPl9MbjxMac69RdhRcQcT1yb3Gm4pzbrQ7hTS2/IxoIfpxXqgeldM9Rfj
wjkZwW9f8lHqeiJMUFzF7LjI0TBArlu7q7sWW5TripeRIX7RFNU/kdG36tdSDTM3
nEkafqssTBA/DkMFQUVsFw0r5dl85JdGUD5TO92tp2wcE5NRlHbUAf+r35hnijVD
5JKzhO8Sn4B8MOA5vnPygmHFXcGPrTYuUGehbgOiX2dMjIOUYK9au63vUVAaQ68i
f3CDXrb/hMdTw81zLWdRY2G6m5c1EidXucnWrh9YIfY4nqFDgKZRNnDjbhpr3UdG
5wIDAQAB
-----END PUBLIC KEY-----
[opc@oke-czqrz3c34aa-nh63giznjgq-spsavbatzqq-2 ~]$ 


----------------------
[DEFAULT]
user=ocid1.user.oc1..aaaaaaaadxztahi3jyei3zqqrhcvjveylkf5mjzyyfzincbwk4umnkr6xllq
fingerprint=e2:95:36:7e:08:9c:05:b8:98:f4:a3:28:56:ed:23:f9
tenancy=ocid1.tenancy.oc1..aaaaaaaaj6vuwyidazhbrzifsl625tkqii3potkkl3ymtidklrr6yowzdb3q
region=eu-frankfurt-1
key_file=<path to your private keyfile> 


[DEFAULT]
user=ocid1.user.oc1..aaaaaaaadxztahi3jyei3zqqrhcvjveylkf5mjzyyfzincbwk4umnkr6xllq
fingerprint=e2:95:36:7e:08:9c:05:b8:98:f4:a3:28:56:ed:23:f9
tenancy=ocid1.tenancy.oc1..aaaaaaaaj6vuwyidazhbrzifsl625tkqii3potkkl3ymtidklrr6yowzdb3q
region=eu-frankfurt-1
key_file=<path to your private keyfile> # TODO

---------------------------